// Jest Snapshot v1, https://goo.gl/fbAQLP

exports[`App renders correctly 1`] = `
[
  <h1>
    Welcome! ðŸ‘‹ 
  </h1>,
  <div>
    <form
      className="container"
      onDragEnter={[Function]}
      onSubmit={[Function]}
    >
      <input
        className="inputFileUpload"
        id="input-file-upload"
        name="input-file-upload"
        onChange={[Function]}
        type="file"
      />
      <label
        className="labelFileUpload"
        htmlFor="input-file-upload"
      >
        <p>
          Drag and Drop your file here or
        </p>
        <button
          className="uploadButton"
          onClick={[Function]}
        >
          Upload a file
        </button>
      </label>
    </form>
  </div>,
]
`;
